2026-09-26 23:03:06 | INFO     | bronze.file_handler | file_handler.py:98 | Scanning source directory: E:\Portfolio\GenAI\insurance-risk-intelligence-platform\data\raw
2026-09-26 23:03:06 | INFO     | bronze.file_handler | file_handler.py:117 | Discovered 2 supported source file(s).
2026-09-26 23:03:06 | INFO     | bronze.file_handler | file_handler.py:173 | File eligible for processing: BASE_DATA.csv
2026-09-26 23:03:06 | INFO     | bronze.file_handler | file_handler.py:173 | File eligible for processing: policy_test.csv
2026-09-26 23:03:06 | INFO     | bronze.file_handler | file_handler.py:182 | Total unprocessed files: 2
2026-09-27 00:06:27 | INFO     | bronze.file_handler | file_handler.py:98 | Scanning source directory: E:\Portfolio\GenAI\insurance-risk-intelligence-platform\data\raw
2026-09-27 00:06:28 | INFO     | bronze.file_handler | file_handler.py:117 | Discovered 2 supported source file(s).
2026-09-27 00:06:28 | INFO     | bronze.file_handler | file_handler.py:166 | Skipping already processed file version: BASE_DATA.csv
2026-09-27 00:06:28 | INFO     | bronze.file_handler | file_handler.py:166 | Skipping already processed file version: policy_test.csv
2026-09-27 00:06:28 | INFO     | bronze.file_handler | file_handler.py:182 | Total unprocessed files: 0
2026-09-27 01:50:35 | INFO     | bronze.file_handler | file_handler.py:98 | Scanning source directory: E:\Portfolio\GenAI\insurance-risk-intelligence-platform\data\raw
2026-09-27 01:50:35 | INFO     | bronze.file_handler | file_handler.py:117 | Discovered 2 supported source file(s).
2026-09-27 01:50:35 | INFO     | bronze.file_handler | file_handler.py:166 | Skipping already processed file version: BASE_DATA.csv
2026-09-27 01:50:35 | INFO     | bronze.file_handler | file_handler.py:166 | Skipping already processed file version: policy_test.csv
2026-09-27 01:50:35 | INFO     | bronze.file_handler | file_handler.py:182 | Total unprocessed files: 0
2026-09-27 01:53:21 | INFO     | bronze.file_handler | file_handler.py:98 | Scanning source directory: E:\Portfolio\GenAI\insurance-risk-intelligence-platform\data\raw
2026-09-27 01:53:21 | INFO     | bronze.file_handler | file_handler.py:117 | Discovered 2 supported source file(s).
2026-09-27 01:53:21 | INFO     | bronze.file_handler | file_handler.py:166 | Skipping already processed file version: BASE_DATA.csv
2026-09-27 01:53:21 | INFO     | bronze.file_handler | file_handler.py:166 | Skipping already processed file version: policy_test.csv
2026-09-27 01:53:21 | INFO     | bronze.file_handler | file_handler.py:182 | Total unprocessed files: 0
2026-09-27 02:00:18 | INFO     | bronze.file_handler | file_handler.py:98 | Scanning source directory: E:\Portfolio\GenAI\insurance-risk-intelligence-platform\data\raw
2026-09-27 02:00:18 | INFO     | bronze.file_handler | file_handler.py:117 | Discovered 1 supported source file(s).
2026-09-27 02:00:18 | INFO     | bronze.file_handler | file_handler.py:166 | Skipping already processed file version: BASE_DATA.csv
2026-09-27 02:00:18 | INFO     | bronze.file_handler | file_handler.py:182 | Total unprocessed files: 0
2026-09-27 02:15:39 | INFO     | bronze.file_handler | file_handler.py:98 | Scanning source directory: E:\Portfolio\GenAI\insurance-risk-intelligence-platform\data\raw
2026-09-27 02:15:39 | INFO     | bronze.file_handler | file_handler.py:117 | Discovered 1 supported source file(s).
2026-09-27 02:15:39 | INFO     | bronze.file_handler | file_handler.py:166 | Skipping already processed file version: BASE_DATA.csv
2026-09-27 02:15:39 | INFO     | bronze.file_handler | file_handler.py:182 | Total unprocessed files: 0
2026-09-27 02:22:14 | INFO     | bronze.file_handler | file_handler.py:98 | Scanning source directory: E:\Portfolio\GenAI\insurance-risk-intelligence-platform\data\raw
2026-09-27 02:22:14 | INFO     | bronze.file_handler | file_handler.py:117 | Discovered 1 supported source file(s).
2026-09-27 02:22:14 | INFO     | bronze.file_handler | file_handler.py:166 | Skipping already processed file version: BASE_DATA.csv
2026-09-27 02:22:14 | INFO     | bronze.file_handler | file_handler.py:182 | Total unprocessed files: 0
2026-09-27 02:27:56 | INFO     | bronze.file_handler | file_handler.py:98 | Scanning source directory: E:\Portfolio\GenAI\insurance-risk-intelligence-platform\data\raw
2026-09-27 02:27:56 | INFO     | bronze.file_handler | file_handler.py:117 | Discovered 1 supported source file(s).
2026-09-27 02:27:56 | INFO     | bronze.file_handler | file_handler.py:166 | Skipping already processed file version: BASE_DATA.csv
2026-09-27 02:27:56 | INFO     | bronze.file_handler | file_handler.py:182 | Total unprocessed files: 0
2026-09-27 02:31:31 | INFO     | bronze.file_handler | file_handler.py:98 | Scanning source directory: E:\Portfolio\GenAI\insurance-risk-intelligence-platform\data\raw
2026-09-27 02:31:31 | INFO     | bronze.file_handler | file_handler.py:117 | Discovered 1 supported source file(s).
2026-09-27 02:31:31 | INFO     | bronze.file_handler | file_handler.py:166 | Skipping already processed file version: BASE_DATA.csv
2026-09-27 02:31:31 | INFO     | bronze.file_handler | file_handler.py:182 | Total unprocessed files: 0
2026-09-27 02:43:29 | INFO     | bronze.file_handler | file_handler.py:98 | Scanning source directory: E:\Portfolio\GenAI\insurance-risk-intelligence-platform\data\raw
2026-09-27 02:43:29 | INFO     | bronze.file_handler | file_handler.py:117 | Discovered 1 supported source file(s).
2026-09-27 02:43:29 | INFO     | bronze.file_handler | file_handler.py:166 | Skipping already processed file version: BASE_DATA.csv
2026-09-27 02:43:29 | INFO     | bronze.file_handler | file_handler.py:182 | Total unprocessed files: 0
2026-09-27 03:04:11 | INFO     | bronze.file_handler | file_handler.py:98 | Scanning source directory: E:\Portfolio\GenAI\insurance-risk-intelligence-platform\data\raw
2026-09-27 03:04:11 | INFO     | bronze.file_handler | file_handler.py:117 | Discovered 1 supported source file(s).
2026-09-27 03:04:11 | INFO     | bronze.file_handler | file_handler.py:166 | Skipping already processed file version: BASE_DATA.csv
2026-09-27 03:04:11 | INFO     | bronze.file_handler | file_handler.py:182 | Total unprocessed files: 0
2026-09-27 03:19:51 | INFO     | bronze.file_handler | file_handler.py:98 | Scanning source directory: E:\Portfolio\GenAI\insurance-risk-intelligence-platform\data\raw
2026-09-27 03:19:51 | INFO     | bronze.file_handler | file_handler.py:117 | Discovered 1 supported source file(s).
2026-09-27 03:19:51 | INFO     | bronze.file_handler | file_handler.py:166 | Skipping already processed file version: BASE_DATA.csv
2026-09-27 03:19:51 | INFO     | bronze.file_handler | file_handler.py:182 | Total unprocessed files: 0
2026-09-27 03:28:54 | INFO     | bronze.file_handler | file_handler.py:98 | Scanning source directory: E:\Portfolio\GenAI\insurance-risk-intelligence-platform\data\raw
2026-09-27 03:28:54 | INFO     | bronze.file_handler | file_handler.py:117 | Discovered 1 supported source file(s).
2026-09-27 03:28:55 | INFO     | bronze.file_handler | file_handler.py:166 | Skipping already processed file version: BASE_DATA.csv
2026-09-27 03:28:55 | INFO     | bronze.file_handler | file_handler.py:182 | Total unprocessed files: 0
2026-09-27 20:52:34 | INFO     | bronze.file_handler | file_handler.py:98 | Scanning source directory: E:\Portfolio\GenAI\insurance-risk-intelligence-platform\data\raw
2026-09-27 20:52:34 | INFO     | bronze.file_handler | file_handler.py:117 | Discovered 1 supported source file(s).
2026-09-27 20:52:34 | INFO     | bronze.file_handler | file_handler.py:166 | Skipping already processed file version: BASE_DATA.csv
2026-09-27 20:52:34 | INFO     | bronze.file_handler | file_handler.py:182 | Total unprocessed files: 0
2026-09-27 20:56:17 | INFO     | bronze.file_handler | file_handler.py:98 | Scanning source directory: E:\Portfolio\GenAI\insurance-risk-intelligence-platform\data\raw
2026-09-27 20:56:17 | INFO     | bronze.file_handler | file_handler.py:117 | Discovered 1 supported source file(s).
2026-09-27 20:56:17 | INFO     | bronze.file_handler | file_handler.py:166 | Skipping already processed file version: BASE_DATA.csv
2026-09-27 20:56:17 | INFO     | bronze.file_handler | file_handler.py:182 | Total unprocessed files: 0
