2026-09-27 02:22:48 | INFO     | silver.silver_merge | silver_merge.py:44 | Executing Oracle MERGE | target=SILVER_RECORD
2026-09-27 02:28:28 | INFO     | silver.silver_merge | silver_merge.py:44 | Executing Oracle MERGE | target=SILVER_RECORD
2026-09-27 02:28:35 | INFO     | silver.silver_merge | silver_merge.py:44 | Executing Oracle MERGE | target=SILVER_TIME
2026-09-27 02:32:03 | INFO     | silver.silver_merge | silver_merge.py:52 | Executing Oracle MERGE | target=SILVER_RECORD
2026-09-27 02:32:08 | INFO     | silver.silver_merge | silver_merge.py:52 | Executing Oracle MERGE | target=SILVER_TIME
2026-09-27 02:32:08 | INFO     | silver.silver_merge | silver_merge.py:52 | Executing Oracle MERGE | target=SILVER_POLICY
2026-09-27 02:32:10 | INFO     | silver.silver_merge | silver_merge.py:52 | Executing Oracle MERGE | target=SILVER_CUSTOMER
2026-09-27 02:32:13 | INFO     | silver.silver_merge | silver_merge.py:52 | Executing Oracle MERGE | target=SILVER_PRODUCT
2026-09-27 02:32:16 | INFO     | silver.silver_merge | silver_merge.py:52 | Executing Oracle MERGE | target=SILVER_CHANNEL
2026-09-27 02:32:18 | INFO     | silver.silver_merge | silver_merge.py:52 | Executing Oracle MERGE | target=SILVER_COVERAGE
2026-09-27 02:32:20 | INFO     | silver.silver_merge | silver_merge.py:52 | Executing Oracle MERGE | target=SILVER_FINANCIAL
2026-09-27 02:44:01 | INFO     | silver.silver_merge | silver_merge.py:52 | Executing Oracle MERGE | target=SILVER_RECORD
2026-09-27 02:44:05 | INFO     | silver.silver_merge | silver_merge.py:52 | Executing Oracle MERGE | target=SILVER_TIME
2026-09-27 02:44:05 | INFO     | silver.silver_merge | silver_merge.py:52 | Executing Oracle MERGE | target=SILVER_POLICY
2026-09-27 03:05:09 | INFO     | silver.silver_merge | silver_merge.py:52 | Executing Oracle MERGE | target=SILVER_RECORD
2026-09-27 03:05:12 | INFO     | silver.silver_merge | silver_merge.py:52 | Executing Oracle MERGE | target=SILVER_TIME
2026-09-27 03:05:13 | INFO     | silver.silver_merge | silver_merge.py:52 | Executing Oracle MERGE | target=SILVER_POLICY
2026-09-27 03:21:02 | INFO     | silver.silver_merge | silver_merge.py:52 | Executing Oracle MERGE | target=SILVER_RECORD
2026-09-27 03:21:07 | INFO     | silver.silver_merge | silver_merge.py:52 | Executing Oracle MERGE | target=SILVER_TIME
2026-09-27 03:21:07 | INFO     | silver.silver_merge | silver_merge.py:52 | Executing Oracle MERGE | target=SILVER_POLICY
2026-09-27 03:21:11 | INFO     | silver.silver_merge | silver_merge.py:52 | Executing Oracle MERGE | target=SILVER_CUSTOMER
2026-09-27 03:30:14 | INFO     | silver.silver_merge | silver_merge.py:52 | Executing Oracle MERGE | target=SILVER_RECORD
2026-09-27 03:30:18 | INFO     | silver.silver_merge | silver_merge.py:52 | Executing Oracle MERGE | target=SILVER_TIME
2026-09-27 03:30:18 | INFO     | silver.silver_merge | silver_merge.py:52 | Executing Oracle MERGE | target=SILVER_POLICY
2026-09-27 03:30:21 | INFO     | silver.silver_merge | silver_merge.py:52 | Executing Oracle MERGE | target=SILVER_CUSTOMER
2026-09-27 03:30:24 | INFO     | silver.silver_merge | silver_merge.py:52 | Executing Oracle MERGE | target=SILVER_PRODUCT
2026-09-27 03:30:27 | INFO     | silver.silver_merge | silver_merge.py:52 | Executing Oracle MERGE | target=SILVER_CHANNEL
2026-09-27 03:30:30 | INFO     | silver.silver_merge | silver_merge.py:52 | Executing Oracle MERGE | target=SILVER_COVERAGE
2026-09-27 03:30:33 | INFO     | silver.silver_merge | silver_merge.py:52 | Executing Oracle MERGE | target=SILVER_FINANCIAL
2026-09-27 20:53:03 | INFO     | silver.silver_merge | silver_merge.py:52 | Executing Oracle MERGE | target=SILVER_RECORD
2026-09-27 20:53:07 | INFO     | silver.silver_merge | silver_merge.py:52 | Executing Oracle MERGE | target=SILVER_TIME
2026-09-27 20:53:07 | INFO     | silver.silver_merge | silver_merge.py:52 | Executing Oracle MERGE | target=SILVER_POLICY
2026-09-27 20:53:10 | INFO     | silver.silver_merge | silver_merge.py:52 | Executing Oracle MERGE | target=SILVER_CUSTOMER
2026-09-27 20:53:14 | INFO     | silver.silver_merge | silver_merge.py:52 | Executing Oracle MERGE | target=SILVER_PRODUCT
2026-09-27 20:53:16 | INFO     | silver.silver_merge | silver_merge.py:52 | Executing Oracle MERGE | target=SILVER_CHANNEL
2026-09-27 20:53:19 | INFO     | silver.silver_merge | silver_merge.py:52 | Executing Oracle MERGE | target=SILVER_COVERAGE
2026-09-27 20:53:22 | INFO     | silver.silver_merge | silver_merge.py:52 | Executing Oracle MERGE | target=SILVER_FINANCIAL
2026-09-27 20:56:45 | INFO     | silver.silver_merge | silver_merge.py:52 | Executing Oracle MERGE | target=SILVER_RECORD
2026-09-27 20:56:48 | INFO     | silver.silver_merge | silver_merge.py:52 | Executing Oracle MERGE | target=SILVER_TIME
2026-09-27 20:56:48 | INFO     | silver.silver_merge | silver_merge.py:52 | Executing Oracle MERGE | target=SILVER_POLICY
2026-09-27 20:56:51 | INFO     | silver.silver_merge | silver_merge.py:52 | Executing Oracle MERGE | target=SILVER_CUSTOMER
2026-09-27 20:56:54 | INFO     | silver.silver_merge | silver_merge.py:52 | Executing Oracle MERGE | target=SILVER_PRODUCT
2026-09-27 20:56:57 | INFO     | silver.silver_merge | silver_merge.py:52 | Executing Oracle MERGE | target=SILVER_CHANNEL
2026-09-27 20:57:00 | INFO     | silver.silver_merge | silver_merge.py:52 | Executing Oracle MERGE | target=SILVER_COVERAGE
2026-09-27 20:57:03 | INFO     | silver.silver_merge | silver_merge.py:52 | Executing Oracle MERGE | target=SILVER_FINANCIAL
